
Discarded input sections

 .text          0x0000000000000000        0x0 build/obj/crt0.o
 .data          0x0000000000000000        0x0 build/obj/crt0.o
 .bss           0x0000000000000000        0x0 build/obj/crt0.o
 .text.__early_init
                0x0000000000000000       0x10 build/obj/crt0.o
 .text          0x0000000000000000        0x0 build/obj/vectors.o
 .data          0x0000000000000000        0x0 build/obj/vectors.o
 .bss           0x0000000000000000        0x0 build/obj/vectors.o
 .text          0x0000000000000000        0x0 build/obj/chcore.o
 .data          0x0000000000000000        0x0 build/obj/chcore.o
 .bss           0x0000000000000000        0x0 build/obj/chcore.o
 .text.port_halt
                0x0000000000000000       0x10 build/obj/chcore.o
 .debug_info    0x0000000000000000       0x96 build/obj/chcore.o
 .debug_abbrev  0x0000000000000000       0x42 build/obj/chcore.o
 .debug_aranges
                0x0000000000000000       0x20 build/obj/chcore.o
 .debug_ranges  0x0000000000000000       0x10 build/obj/chcore.o
 .debug_line    0x0000000000000000       0x6e build/obj/chcore.o
 .debug_str     0x0000000000000000       0xec build/obj/chcore.o
 .comment       0x0000000000000000       0x34 build/obj/chcore.o
 .ARM.attributes
                0x0000000000000000       0x3b build/obj/chcore.o
 .debug_frame   0x0000000000000000       0x20 build/obj/chcore.o
 .text          0x0000000000000000        0x0 build/obj/chcore_v7m.o
 .data          0x0000000000000000        0x0 build/obj/chcore_v7m.o
 .bss           0x0000000000000000        0x0 build/obj/chcore_v7m.o
 .text          0x0000000000000000        0x0 build/obj/nvic.o
 .data          0x0000000000000000        0x0 build/obj/nvic.o
 .bss           0x0000000000000000        0x0 build/obj/nvic.o
 .text.nvicDisableVector
                0x0000000000000000       0x40 build/obj/nvic.o
 .text          0x0000000000000000        0x0 build/obj/chsys.o
 .data          0x0000000000000000        0x0 build/obj/chsys.o
 .bss           0x0000000000000000        0x0 build/obj/chsys.o
 .text          0x0000000000000000        0x0 build/obj/chdebug.o
 .data          0x0000000000000000        0x0 build/obj/chdebug.o
 .bss           0x0000000000000000        0x0 build/obj/chdebug.o
 .debug_info    0x0000000000000000       0x75 build/obj/chdebug.o
 .debug_abbrev  0x0000000000000000       0x24 build/obj/chdebug.o
 .debug_aranges
                0x0000000000000000       0x18 build/obj/chdebug.o
 .debug_line    0x0000000000000000       0x1d build/obj/chdebug.o
 .debug_str     0x0000000000000000       0xdd build/obj/chdebug.o
 .comment       0x0000000000000000       0x34 build/obj/chdebug.o
 .ARM.attributes
                0x0000000000000000       0x3b build/obj/chdebug.o
 .text          0x0000000000000000        0x0 build/obj/chlists.o
 .data          0x0000000000000000        0x0 build/obj/chlists.o
 .bss           0x0000000000000000        0x0 build/obj/chlists.o
 .debug_info    0x0000000000000000       0x75 build/obj/chlists.o
 .debug_abbrev  0x0000000000000000       0x24 build/obj/chlists.o
 .debug_aranges
                0x0000000000000000       0x18 build/obj/chlists.o
 .debug_line    0x0000000000000000       0x1d build/obj/chlists.o
 .debug_str     0x0000000000000000       0xdd build/obj/chlists.o
 .comment       0x0000000000000000       0x34 build/obj/chlists.o
 .ARM.attributes
                0x0000000000000000       0x3b build/obj/chlists.o
 .text          0x0000000000000000        0x0 build/obj/chvt.o
 .data          0x0000000000000000        0x0 build/obj/chvt.o
 .bss           0x0000000000000000        0x0 build/obj/chvt.o
 .text          0x0000000000000000        0x0 build/obj/chschd.o
 .data          0x0000000000000000        0x0 build/obj/chschd.o
 .bss           0x0000000000000000        0x0 build/obj/chschd.o
 .text.chSchRescheduleS
                0x0000000000000000       0x20 build/obj/chschd.o
 .text          0x0000000000000000        0x0 build/obj/chthreads.o
 .data          0x0000000000000000        0x0 build/obj/chthreads.o
 .bss           0x0000000000000000        0x0 build/obj/chthreads.o
 .text.chThdSetPriority
                0x0000000000000000       0x30 build/obj/chthreads.o
 .text.chThdResume
                0x0000000000000000       0x20 build/obj/chthreads.o
 .text.chThdTerminate
                0x0000000000000000       0x20 build/obj/chthreads.o
 .text.chThdSleepUntil
                0x0000000000000000       0x30 build/obj/chthreads.o
 .text.chThdYield
                0x0000000000000000       0x30 build/obj/chthreads.o
 .text.chThdWait
                0x0000000000000000       0x40 build/obj/chthreads.o
 .text          0x0000000000000000        0x0 build/obj/chdynamic.o
 .data          0x0000000000000000        0x0 build/obj/chdynamic.o
 .bss           0x0000000000000000        0x0 build/obj/chdynamic.o
 .text.chThdAddRef
                0x0000000000000000       0x20 build/obj/chdynamic.o
 .text.chThdRelease
[...]
Memory Configuration

Name             Origin             Length             Attributes
flash            0x0000000008000000 0x0000000000100000
ram              0x0000000020000000 0x000000000001c000
ethram           0x000000002001c000 0x0000000000004000
ccmram           0x0000000010000000 0x0000000000010000
*default*        0x0000000000000000 0xffffffffffffffff

Linker script and memory map

LOAD build/obj/crt0.o
LOAD build/obj/vectors.o
LOAD build/obj/chcore.o
LOAD build/obj/chcore_v7m.o
LOAD build/obj/nvic.o
LOAD build/obj/chsys.o
LOAD build/obj/chdebug.o
LOAD build/obj/chlists.o
LOAD build/obj/chvt.o
LOAD build/obj/chschd.o
LOAD build/obj/chthreads.o
LOAD build/obj/chdynamic.o
LOAD build/obj/chregistry.o
LOAD build/obj/chsem.o
LOAD build/obj/chmtx.o
LOAD build/obj/chcond.o
LOAD build/obj/chevents.o
LOAD build/obj/chmsg.o
LOAD build/obj/chmboxes.o
LOAD build/obj/chqueues.o
LOAD build/obj/chmemcore.o
LOAD build/obj/chheap.o
LOAD build/obj/chmempools.o
LOAD build/obj/test.o
LOAD build/obj/testthd.o
LOAD build/obj/testsem.o
LOAD build/obj/testmtx.o
LOAD build/obj/testmsg.o
LOAD build/obj/testmbox.o
LOAD build/obj/testevt.o
LOAD build/obj/testheap.o
LOAD build/obj/testpools.o
LOAD build/obj/testdyn.o
LOAD build/obj/testqueues.o
LOAD build/obj/testbmk.o
LOAD build/obj/hal.o
LOAD build/obj/adc.o
LOAD build/obj/can.o
LOAD build/obj/ext.o
LOAD build/obj/gpt.o
LOAD build/obj/i2c.o
LOAD build/obj/icu.o
LOAD build/obj/mac.o
LOAD build/obj/mmc_spi.o
LOAD build/obj/mmcsd.o
LOAD build/obj/pal.o
LOAD build/obj/pwm.o
LOAD build/obj/rtc.o
LOAD build/obj/sdc.o
LOAD build/obj/serial.o
LOAD build/obj/serial_usb.o
LOAD build/obj/spi.o
LOAD build/obj/tm.o
LOAD build/obj/uart.o
LOAD build/obj/usb.o
LOAD build/obj/stm32_dma.o
LOAD build/obj/hal_lld.o
LOAD build/obj/adc_lld.o
LOAD build/obj/ext_lld_isr.o
LOAD build/obj/can_lld.o
LOAD build/obj/ext_lld.o
LOAD build/obj/mac_lld.o
LOAD build/obj/sdc_lld.o
LOAD build/obj/pal_lld.o
LOAD build/obj/i2c_lld.o
LOAD build/obj/usb_lld.o
LOAD build/obj/rtc_lld.o
LOAD build/obj/spi_lld.o
LOAD build/obj/gpt_lld.o
LOAD build/obj/icu_lld.o
LOAD build/obj/pwm_lld.o
LOAD build/obj/serial_lld.o
LOAD build/obj/uart_lld.o
LOAD build/obj/board.o
LOAD build/obj/lis302dl.o
LOAD build/obj/chprintf.o
LOAD build/obj/main.o
START GROUP
LOAD /opt/psas/x-tools/stm32f407/arm-psas-eabi/bin/../lib/gcc/arm-psas-eabi/4.7.2/libgcc.a
LOAD /opt/psas/x-tools/stm32f407/arm-psas-eabi/bin/../lib/gcc/arm-psas-eabi/4.7.2/../../../../arm-psas-eabi/lib/libc.a
END GROUP
                0x0000000000000400                __main_stack_size__ = 0x400
                0x0000000000000400                __process_stack_size__ = 0x400
                0x0000000020000000                __ram_start__ = ORIGIN (ram)
                0x000000000001c000                __ram_size__ = 0x1c000
                0x000000002001c000                __ram_end__ = (__ram_start__ + __ram_size__)
                0x0000000000000000                . = 0x0
                0x0000000000000000                _text = .

startup         0x0000000008000000      0x188
 *(vectors)
 vectors        0x0000000008000000      0x188 build/obj/vectors.o
                0x0000000008000000                _vectors

constructors    0x0000000008000188        0x0
                0x0000000008000188                PROVIDE (__init_array_start, .)
 *(SORT(.init_array.*))
 *(.init_array)
                0x0000000008000188                PROVIDE (__init_array_end, .)

destructors     0x0000000008000188        0x0
                0x0000000008000188                PROVIDE (__fini_array_start, .)
 *(.fini_array)
 *(SORT(.fini_array.*))
                0x0000000008000188                PROVIDE (__fini_array_end, .)

.text           0x0000000008000190     0x1a8c
 *(.text.startup.*)
 .text.startup.main
                0x0000000008000190       0x50 build/obj/main.o
                0x0000000008000190                main
 *(.text)
 *(.text.*)
 .text.__late_init
                0x00000000080001e0       0x10 build/obj/crt0.o
                0x00000000080001e0                __late_init
 .text._default_exit
                0x00000000080001f0       0x10 build/obj/crt0.o
                0x00000000080001f0                _default_exit
 .text.ResetHandler
                0x0000000008000200      0x120 build/obj/crt0.o
                0x0000000008000200                ResetHandler
 .text._unhandled_exception
                0x0000000008000320       0x10 build/obj/vectors.o
                0x0000000008000320                Vector58
                0x0000000008000320                VectorE8
                0x0000000008000320                Vector9C
                0x0000000008000320                VectorAC
                0x0000000008000320                Vector5C
                0x0000000008000320                NMIVector
                0x0000000008000320                Vector11C
                0x0000000008000320                Vector8C
                0x0000000008000320                VectorDC
                0x0000000008000320                Vector168
                0x0000000008000320                Vector110
                0x0000000008000320                VectorC8
                0x0000000008000320                Vector94
                0x0000000008000320                VectorA8
                0x0000000008000320                VectorB4
                0x0000000008000320                Vector160
                0x0000000008000320                VectorEC
                0x0000000008000320                UsageFaultVector
                0x0000000008000320                DebugMonitorVector
                0x0000000008000320                Vector40
                0x0000000008000320                VectorF8
                0x0000000008000320                Vector108
                0x0000000008000320                VectorBC
                0x0000000008000320                Vector148
                0x0000000008000320                PendSVVector
                0x0000000008000320                Vector118
                0x0000000008000320                Vector64
                0x0000000008000320                VectorCC
                0x0000000008000320                Vector54
                0x0000000008000320                Vector98
                0x0000000008000320                Vector138
                0x0000000008000320                Vector24
                0x0000000008000320                Vector178
                0x0000000008000320                BusFaultVector
                0x0000000008000320                VectorD0
                0x0000000008000320                Vector140
                0x0000000008000320                VectorE4
                0x0000000008000320                VectorC0
                0x0000000008000320                HardFaultVector
                0x0000000008000320                Vector134
                0x0000000008000320                VectorF0
                0x0000000008000320                Vector13C
                0x0000000008000320                Vector100
                0x0000000008000320                VectorE0
                0x0000000008000320                VectorF4
                0x0000000008000320                MemManageVector
                0x0000000008000320                VectorA0
                0x0000000008000320                VectorC4
                0x0000000008000320                Vector180
                0x0000000008000320                VectorB0
                0x0000000008000320                Vector90
                0x0000000008000320                Vector114
                0x0000000008000320                Vector164
                0x0000000008000320                Vector60
                0x0000000008000320                Vector1C
                0x0000000008000320                Vector17C
                0x0000000008000320                Vector48
                0x0000000008000320                Vector16C
                0x0000000008000320                VectorD4
                0x0000000008000320                Vector4C
                0x0000000008000320                Vector144
                0x0000000008000320                Vector15C
                0x0000000008000320                Vector68
                0x0000000008000320                _unhandled_exception
                0x0000000008000320                Vector170
                0x0000000008000320                Vector104
                0x0000000008000320                Vector184
                0x0000000008000320                Vector10C
                0x0000000008000320                Vector14C
                0x0000000008000320                Vector50
                0x0000000008000320                Vector44
                0x0000000008000320                Vector28
                0x0000000008000320                Vector34
                0x0000000008000320                VectorA4
                0x0000000008000320                Vector20
                0x0000000008000320                Vector174
 .text._port_switch_from_isr
                0x0000000008000330       0x10 build/obj/chcore_v7m.o
                0x0000000008000330                _port_switch_from_isr
 .text.SVCallVector
                0x0000000008000340       0x20 build/obj/chcore_v7m.o
                0x0000000008000340                SVCallVector
 .text._port_init
                0x0000000008000360       0x40 build/obj/chcore_v7m.o
                0x0000000008000360                _port_init
 .text._port_irq_epilogue
                0x00000000080003a0       0x70 build/obj/chcore_v7m.o
                0x00000000080003a0                _port_irq_epilogue
 .text.SysTickVector
                0x0000000008000410       0x20 build/obj/chcore_v7m.o
                0x0000000008000410                SysTickVector
 .text._port_switch
                0x0000000008000430       0x10 build/obj/chcore_v7m.o
                0x0000000008000430                _port_switch
 .text._port_thread_start
                0x0000000008000440       0x10 build/obj/chcore_v7m.o
                0x0000000008000440                _port_thread_start
 .text.nvicEnableVector
                0x0000000008000450       0x50 build/obj/nvic.o
                0x0000000008000450                nvicEnableVector
 .text.nvicSetSystemHandlerPriority
                0x00000000080004a0       0x30 build/obj/nvic.o
                0x00000000080004a0                nvicSetSystemHandlerPriority
 .text._idle_thread
                0x00000000080004d0       0x20 build/obj/chsys.o
                0x00000000080004d0                _idle_thread
 .text.chSysInit
                0x00000000080004f0       0x70 build/obj/chsys.o
                0x00000000080004f0                chSysInit
 .text.chSysTimerHandlerI
                0x0000000008000560       0x60 build/obj/chsys.o
                0x0000000008000560                chSysTimerHandlerI
 .text._vt_init
                0x00000000080005c0       0x20 build/obj/chvt.o
                0x00000000080005c0                _vt_init
 .text.chVTSetI
                0x00000000080005e0       0x40 build/obj/chvt.o
                0x00000000080005e0                chVTSetI
 .text.chVTResetI
                0x0000000008000620       0x30 build/obj/chvt.o
                0x0000000008000620                chVTResetI
 .text.wakeup   0x0000000008000650       0x60 build/obj/chschd.o
 .text._scheduler_init
                0x00000000080006b0       0x20 build/obj/chschd.o
                0x00000000080006b0                _scheduler_init
 .text.chSchReadyI
                0x00000000080006d0       0x20 build/obj/chschd.o
                0x00000000080006d0                chSchReadyI
 .text.chSchGoSleepS
                0x00000000080006f0       0x30 build/obj/chschd.o
                0x00000000080006f0                chSchGoSleepS
 .text.chSchGoSleepTimeoutS
                0x0000000008000720       0x40 build/obj/chschd.o
                0x0000000008000720                chSchGoSleepTimeoutS
 .text.chSchWakeupS
                0x0000000008000760       0x60 build/obj/chschd.o
                0x0000000008000760                chSchWakeupS
 .text.chSchDoRescheduleBehind
                0x00000000080007c0       0x40 build/obj/chschd.o
                0x00000000080007c0                chSchDoRescheduleBehind
 .text.chSchDoRescheduleAhead
                0x0000000008000800       0x40 build/obj/chschd.o
                0x0000000008000800                chSchDoRescheduleAhead
 .text.chSchDoReschedule
                0x0000000008000840       0x20 build/obj/chschd.o
                0x0000000008000840                chSchDoReschedule
 .text._thread_init
                0x0000000008000860       0x50 build/obj/chthreads.o
                0x0000000008000860                _thread_init
 .text.chThdCreateI
                0x00000000080008b0       0x70 build/obj/chthreads.o
                0x00000000080008b0                chThdCreateI
 .text.chThdCreateStatic
                0x0000000008000920       0x30 build/obj/chthreads.o
                0x0000000008000920                chThdCreateStatic
 .text.chThdSleep
                0x0000000008000950       0x20 build/obj/chthreads.o
                0x0000000008000950                chThdSleep
 .text.chThdExitS
                0x0000000008000970       0x40 build/obj/chthreads.o
                0x0000000008000970                chThdExitS
 .text.chThdExit
                0x00000000080009b0       0x10 build/obj/chthreads.o
                0x00000000080009b0                chThdExit
 .text.chMtxInit
                0x00000000080009c0       0x10 build/obj/chmtx.o
                0x00000000080009c0                chMtxInit
 .text.chEvtSignalI
                0x00000000080009d0       0x30 build/obj/chevents.o
                0x00000000080009d0                chEvtSignalI
 .text.chEvtBroadcastFlagsI
                0x0000000008000a00       0x20 build/obj/chevents.o
                0x0000000008000a00                chEvtBroadcastFlagsI
 .text.qwait    0x0000000008000a20       0x30 build/obj/chqueues.o
 .text.chIQInit
                0x0000000008000a50       0x20 build/obj/chqueues.o
                0x0000000008000a50                chIQInit
 .text.chIQPutI
                0x0000000008000a70       0x50 build/obj/chqueues.o
                0x0000000008000a70                chIQPutI
 .text.chIQGetTimeout
                0x0000000008000ac0       0x50 build/obj/chqueues.o
                0x0000000008000ac0                chIQGetTimeout
 .text.chIQReadTimeout
                0x0000000008000b10       0x80 build/obj/chqueues.o
                0x0000000008000b10                chIQReadTimeout
 .text.chOQInit
                0x0000000008000b90       0x20 build/obj/chqueues.o
                0x0000000008000b90                chOQInit
 .text.chOQPutTimeout
                0x0000000008000bb0       0x50 build/obj/chqueues.o
                0x0000000008000bb0                chOQPutTimeout
 .text.chOQGetI
                0x0000000008000c00       0x50 build/obj/chqueues.o
                0x0000000008000c00                chOQGetI
 .text.chOQWriteTimeout
                0x0000000008000c50       0x80 build/obj/chqueues.o
                0x0000000008000c50                chOQWriteTimeout
 .text._core_init
                0x0000000008000cd0       0x30 build/obj/chmemcore.o
                0x0000000008000cd0                _core_init
 .text.chCoreAlloc
                0x0000000008000d00       0x40 build/obj/chmemcore.o
                0x0000000008000d00                chCoreAlloc
 .text._heap_init
                0x0000000008000d40       0x20 build/obj/chheap.o
                0x0000000008000d40                _heap_init
 .text.halInit  0x0000000008000d60       0x30 build/obj/hal.o
                0x0000000008000d60                halInit
 .text.adcInit  0x0000000008000d90       0x10 build/obj/adc.o
                0x0000000008000d90                adcInit
 .text.adcObjectInit
                0x0000000008000da0       0x20 build/obj/adc.o
                0x0000000008000da0                adcObjectInit
 .text.pwmInit  0x0000000008000dc0       0x10 build/obj/pwm.o
                0x0000000008000dc0                pwmInit
 .text.pwmObjectInit
                0x0000000008000dd0       0x10 build/obj/pwm.o
                0x0000000008000dd0                pwmObjectInit
 .text.readt    0x0000000008000de0       0x10 build/obj/serial.o
 .text.read     0x0000000008000df0       0x10 build/obj/serial.o
 .text.writet   0x0000000008000e00       0x10 build/obj/serial.o
 .text.write    0x0000000008000e10       0x10 build/obj/serial.o
 .text.gett     0x0000000008000e20       0x10 build/obj/serial.o
 .text.get      0x0000000008000e30       0x10 build/obj/serial.o
 .text.putt     0x0000000008000e40       0x10 build/obj/serial.o
 .text.put      0x0000000008000e50       0x10 build/obj/serial.o
 .text.sdInit   0x0000000008000e60       0x10 build/obj/serial.o
                0x0000000008000e60                sdInit
 .text.sdObjectInit
                0x0000000008000e70       0x50 build/obj/serial.o
                0x0000000008000e70                sdObjectInit
 .text.sdIncomingDataI
                0x0000000008000ec0       0x40 build/obj/serial.o
                0x0000000008000ec0                sdIncomingDataI
 .text.spiInit  0x0000000008000f00       0x10 build/obj/spi.o
                0x0000000008000f00                spiInit
 .text.spiObjectInit
                0x0000000008000f10       0x10 build/obj/spi.o
                0x0000000008000f10                spiObjectInit
 .text.Vector6C
                0x0000000008000f20       0x30 build/obj/stm32_dma.o
                0x0000000008000f20                Vector6C
 .text.Vector70
                0x0000000008000f50       0x30 build/obj/stm32_dma.o
                0x0000000008000f50                Vector70
 .text.Vector74
                0x0000000008000f80       0x30 build/obj/stm32_dma.o
                0x0000000008000f80                Vector74
 .text.Vector78
                0x0000000008000fb0       0x30 build/obj/stm32_dma.o
                0x0000000008000fb0                Vector78
 .text.Vector7C
                0x0000000008000fe0       0x30 build/obj/stm32_dma.o
                0x0000000008000fe0                Vector7C
 .text.Vector80
                0x0000000008001010       0x30 build/obj/stm32_dma.o
                0x0000000008001010                Vector80
 .text.Vector84
                0x0000000008001040       0x30 build/obj/stm32_dma.o
                0x0000000008001040                Vector84
 .text.VectorFC
                0x0000000008001070       0x30 build/obj/stm32_dma.o
                0x0000000008001070                VectorFC
 .text.Vector120
                0x00000000080010a0       0x30 build/obj/stm32_dma.o
                0x00000000080010a0                Vector120
 .text.Vector124
                0x00000000080010d0       0x30 build/obj/stm32_dma.o
                0x00000000080010d0                Vector124
 .text.Vector128
                0x0000000008001100       0x30 build/obj/stm32_dma.o
                0x0000000008001100                Vector128
 .text.Vector12C
                0x0000000008001130       0x30 build/obj/stm32_dma.o
                0x0000000008001130                Vector12C
 .text.Vector130
                0x0000000008001160       0x30 build/obj/stm32_dma.o
                0x0000000008001160                Vector130
 .text.Vector150
                0x0000000008001190       0x30 build/obj/stm32_dma.o
                0x0000000008001190                Vector150
 .text.Vector154
                0x00000000080011c0       0x30 build/obj/stm32_dma.o
                0x00000000080011c0                Vector154
 .text.Vector158
                0x00000000080011f0       0x30 build/obj/stm32_dma.o
                0x00000000080011f0                Vector158
 .text.dmaInit  0x0000000008001220       0x50 build/obj/stm32_dma.o
                0x0000000008001220                dmaInit
 .text.hal_lld_init
                0x0000000008001270       0xb0 build/obj/hal_lld.o
                0x0000000008001270                hal_lld_init
 .text.stm32_clock_init
                0x0000000008001320      0x100 build/obj/hal_lld.o
                0x0000000008001320                stm32_clock_init
 .text.adc_lld_init
                0x0000000008001420       0x40 build/obj/adc_lld.o
                0x0000000008001420                adc_lld_init
 .text.adc_lld_stop_conversion
                0x0000000008001460       0x30 build/obj/adc_lld.o
                0x0000000008001460                adc_lld_stop_conversion
 .text.Vector88
                0x0000000008001490       0x80 build/obj/adc_lld.o
                0x0000000008001490                Vector88
 .text._pal_lld_init
                0x0000000008001510      0x1b0 build/obj/pal_lld.o
                0x0000000008001510                _pal_lld_init
 .text._pal_lld_setgroupmode
                0x00000000080016c0       0xd0 build/obj/pal_lld.o
                0x00000000080016c0                _pal_lld_setgroupmode
 .text.spi_lld_init
                0x0000000008001790       0x50 build/obj/spi_lld.o
                0x0000000008001790                spi_lld_init
 .text.VectorB8
                0x00000000080017e0       0x80 build/obj/pwm_lld.o
                0x00000000080017e0                VectorB8
 .text.pwm_lld_init
                0x0000000008001860       0x20 build/obj/pwm_lld.o
                0x0000000008001860                pwm_lld_init
 .text.notify2  0x0000000008001880       0x20 build/obj/serial_lld.o
 .text.VectorD8
                0x00000000080018a0      0x120 build/obj/serial_lld.o
                0x00000000080018a0                VectorD8
 .text.sd_lld_init
                0x00000000080019c0       0x30 build/obj/serial_lld.o
                0x00000000080019c0                sd_lld_init
 .text.__early_init
                0x00000000080019f0       0x10 build/obj/board.o
                0x00000000080019f0                __early_init
 .text.boardInit
                0x0000000008001a00       0x10 build/obj/board.o
                0x0000000008001a00                boardInit
 *(.rodata)
 *(.rodata.*)
 .rodata.str1.4
                0x0000000008001a10        0x8 build/obj/chsys.o
 *fill*         0x0000000008001a18        0x8 00
 .rodata.ch_debug
                0x0000000008001a20       0x18 build/obj/chregistry.o
                0x0000000008001a20                ch_debug
 *fill*         0x0000000008001a38        0x8 00
 .rodata.vmt    0x0000000008001a40       0x20 build/obj/serial.o
 .rodata._stm32_dma_streams
                0x0000000008001a60       0xc0 build/obj/stm32_dma.o
                0x0000000008001a60                _stm32_dma_streams
 .rodata.pal_default_config
                0x0000000008001b20       0xfc build/obj/board.o
                0x0000000008001b20                pal_default_config
 *(.glue_7t)
 .glue_7t       0x0000000000000000        0x0 linker stubs
 *(.glue_7)
 .glue_7        0x0000000000000000        0x0 linker stubs
 *(.gcc*)

.vfp11_veneer   0x0000000008001c1c        0x0
 .vfp11_veneer  0x0000000000000000        0x0 linker stubs

.v4_bx          0x0000000008001c1c        0x0
 .v4_bx         0x0000000000000000        0x0 linker stubs

.iplt           0x0000000008001c1c        0x0
 .iplt          0x0000000000000000        0x0 build/obj/crt0.o

.rel.dyn        0x0000000008001c1c        0x0
 .rel.iplt      0x0000000000000000        0x0 build/obj/crt0.o

.ARM.extab
 *(.ARM.extab* .gnu.linkonce.armextab.*)

.ARM.exidx      0x0000000008001c1c        0x0
                0x0000000008001c1c                PROVIDE (__exidx_start, .)
 *(.ARM.exidx* .gnu.linkonce.armexidx.*)
                0x0000000008001c1c                PROVIDE (__exidx_end, .)

.eh_frame_hdr
 *(.eh_frame_hdr)

.eh_frame
 *(.eh_frame)

.textalign      0x0000000008001c1c        0x4
                0x0000000008001c20                . = ALIGN (0x8)
 *fill*         0x0000000008001c1c        0x4 00
                0x0000000008001c20                . = ALIGN (0x4)
                0x0000000008001c20                _etext = .
                0x0000000008001c20                _textdata = _etext

.stacks         0x0000000020000000      0x800
                0x0000000020000000                . = ALIGN (0x8)
                0x0000000020000000                __main_stack_base__ = .
                0x0000000020000400                . = (. + __main_stack_size__)
 *fill*         0x0000000020000000      0x400 00
                0x0000000020000400                . = ALIGN (0x8)
                0x0000000020000400                __main_stack_end__ = .
                0x0000000020000400                __process_stack_base__ = .
                0x0000000020000400                __main_thread_stack_base__ = .
                0x0000000020000800                . = (. + __process_stack_size__)
 *fill*         0x0000000020000400      0x400 00
                0x0000000020000800                . = ALIGN (0x8)
                0x0000000020000800                __process_stack_end__ = .
                0x0000000020000800                __main_thread_stack_end__ = .

.data           0x0000000020000800        0x0 load address 0x0000000008001c20
                0x0000000020000800                . = ALIGN (0x4)
                0x0000000020000800                PROVIDE (_data, .)
 *(.data)
                0x0000000020000800                . = ALIGN (0x4)
 *(.data.*)
                0x0000000020000800                . = ALIGN (0x4)
 *(.ramtext)
                0x0000000020000800                . = ALIGN (0x4)
                0x0000000020000800                PROVIDE (_edata, .)

.igot.plt       0x0000000020000800        0x0 load address 0x0000000008001c20
 .igot.plt      0x0000000000000000        0x0 build/obj/crt0.o

.bss            0x0000000020000800      0x2d8 load address 0x0000000008001c20
                0x0000000020000800                . = ALIGN (0x4)
                0x0000000020000800                PROVIDE (_bss_start, .)
 *(.bss)
                0x0000000020000800                . = ALIGN (0x4)
 *(.bss.*)
 .bss.mainthread.4769
                0x0000000020000800       0x48 build/obj/chsys.o
 .bss._idle_thread_wa
                0x0000000020000848       0xc0 build/obj/chsys.o
                0x0000000020000848                _idle_thread_wa
 .bss.vtlist    0x0000000020000908       0x10 build/obj/chvt.o
                0x0000000020000908                vtlist
 .bss.rlist     0x0000000020000918       0x1c build/obj/chschd.o
                0x0000000020000918                rlist
 .bss.endmem    0x0000000020000934        0x4 build/obj/chmemcore.o
 .bss.nextmem   0x0000000020000938        0x4 build/obj/chmemcore.o
 *fill*         0x000000002000093c        0x4 00
 .bss.default_heap
                0x0000000020000940       0x20 build/obj/chheap.o
 .bss.dma_isr_redir
                0x0000000020000960       0x80 build/obj/stm32_dma.o
 .bss.dma_streams_mask
                0x00000000200009e0        0x4 build/obj/stm32_dma.o
 .bss.ADCD1     0x00000000200009e4       0x34 build/obj/adc_lld.o
                0x00000000200009e4                ADCD1
 .bss.dummytx   0x0000000020000a18        0x2 build/obj/spi_lld.o
 *fill*         0x0000000020000a1a        0x2 00
 .bss.SPID2     0x0000000020000a1c       0x30 build/obj/spi_lld.o
                0x0000000020000a1c                SPID2
 .bss.PWMD4     0x0000000020000a4c       0x14 build/obj/pwm_lld.o
                0x0000000020000a4c                PWMD4
 .bss.SD2       0x0000000020000a60       0x78 build/obj/serial_lld.o
                0x0000000020000a60                SD2
                0x0000000020000ad8                . = ALIGN (0x4)
 *(COMMON)
                0x0000000020000ad8                . = ALIGN (0x4)
                0x0000000020000ad8                PROVIDE (_bss_end, .)
                0x0000000020000ad8                PROVIDE (end, .)
                0x0000000020000ad8                _end = .
                0x0000000020000ad8                __heap_base__ = _end
                0x000000002001c000                __heap_end__ = __ram_end__
OUTPUT(build/ch.elf elf32-littlearm)

.debug_info     0x0000000000000000     0xfdd8
 .debug_info    0x0000000000000000      0x2a5 build/obj/crt0.o
 .debug_info    0x00000000000002a5      0x1ec build/obj/vectors.o
 .debug_info    0x0000000000000491      0x899 build/obj/chcore_v7m.o
 .debug_info    0x0000000000000d2a      0x451 build/obj/nvic.o
 .debug_info    0x000000000000117b      0x8a4 build/obj/chsys.o
 .debug_info    0x0000000000001a1f      0x219 build/obj/chvt.o
 .debug_info    0x0000000000001c38      0x9e3 build/obj/chschd.o
 .debug_info    0x000000000000261b      0xc47 build/obj/chthreads.o
 .debug_info    0x0000000000003262      0x680 build/obj/chregistry.o
 .debug_info    0x00000000000038e2      0xa4c build/obj/chmtx.o
 .debug_info    0x000000000000432e      0xe30 build/obj/chevents.o
 .debug_info    0x000000000000515e      0xc79 build/obj/chqueues.o
 .debug_info    0x0000000000005dd7      0x22b build/obj/chmemcore.o
 .debug_info    0x0000000000006002      0x735 build/obj/chheap.o
 .debug_info    0x0000000000006737      0x405 build/obj/hal.o
 .debug_info    0x0000000000006b3c      0xf03 build/obj/adc.o
 .debug_info    0x0000000000007a3f      0x6e6 build/obj/pwm.o
 .debug_info    0x0000000000008125     0x10b9 build/obj/serial.o
 .debug_info    0x00000000000091de     0x1202 build/obj/spi.o
 .debug_info    0x000000000000a3e0      0xb40 build/obj/stm32_dma.o
 .debug_info    0x000000000000af20      0x501 build/obj/hal_lld.o
 .debug_info    0x000000000000b421     0x11d5 build/obj/adc_lld.o
 .debug_info    0x000000000000c5f6      0x767 build/obj/pal_lld.o
 .debug_info    0x000000000000cd5d      0xef1 build/obj/spi_lld.o
 .debug_info    0x000000000000dc4e      0xa8b build/obj/pwm_lld.o
 .debug_info    0x000000000000e6d9     0x1264 build/obj/serial_lld.o
 .debug_info    0x000000000000f93d      0x211 build/obj/board.o
 .debug_info    0x000000000000fb4e      0x28a build/obj/main.o

.debug_abbrev   0x0000000000000000     0x3c12
 .debug_abbrev  0x0000000000000000       0xf2 build/obj/crt0.o
 .debug_abbrev  0x00000000000000f2       0xaf build/obj/vectors.o
 .debug_abbrev  0x00000000000001a1      0x1fc build/obj/chcore_v7m.o
 .debug_abbrev  0x000000000000039d       0xf0 build/obj/nvic.o
 .debug_abbrev  0x000000000000048d      0x21e build/obj/chsys.o
 .debug_abbrev  0x00000000000006ab      0x131 build/obj/chvt.o
 .debug_abbrev  0x00000000000007dc      0x33e build/obj/chschd.o
 .debug_abbrev  0x0000000000000b1a      0x366 build/obj/chthreads.o
 .debug_abbrev  0x0000000000000e80      0x195 build/obj/chregistry.o
 .debug_abbrev  0x0000000000001015      0x314 build/obj/chmtx.o
 .debug_abbrev  0x0000000000001329      0x357 build/obj/chevents.o
 .debug_abbrev  0x0000000000001680      0x34a build/obj/chqueues.o
 .debug_abbrev  0x00000000000019ca      0x16a build/obj/chmemcore.o
 .debug_abbrev  0x0000000000001b34      0x20e build/obj/chheap.o
 .debug_abbrev  0x0000000000001d42      0x1bf build/obj/hal.o
 .debug_abbrev  0x0000000000001f01      0x30f build/obj/adc.o
 .debug_abbrev  0x0000000000002210      0x1b6 build/obj/pwm.o
 .debug_abbrev  0x00000000000023c6      0x2d3 build/obj/serial.o
 .debug_abbrev  0x0000000000002699      0x2aa build/obj/spi.o
 .debug_abbrev  0x0000000000002943      0x21f build/obj/stm32_dma.o
 .debug_abbrev  0x0000000000002b62      0x12b build/obj/hal_lld.o
 .debug_abbrev  0x0000000000002c8d      0x2ef build/obj/adc_lld.o
 .debug_abbrev  0x0000000000002f7c      0x1c4 build/obj/pal_lld.o
 .debug_abbrev  0x0000000000003140      0x327 build/obj/spi_lld.o
 .debug_abbrev  0x0000000000003467      0x258 build/obj/pwm_lld.o
 .debug_abbrev  0x00000000000036bf      0x34a build/obj/serial_lld.o
 .debug_abbrev  0x0000000000003a09       0xe3 build/obj/board.o
 .debug_abbrev  0x0000000000003aec      0x126 build/obj/main.o

.debug_aranges  0x0000000000000000      0x8e8
 .debug_aranges
                0x0000000000000000       0x38 build/obj/crt0.o
 .debug_aranges
                0x0000000000000038       0x20 build/obj/vectors.o
 .debug_aranges
                0x0000000000000058       0x50 build/obj/chcore_v7m.o
 .debug_aranges
                0x00000000000000a8       0x30 build/obj/nvic.o
 .debug_aranges
                0x00000000000000d8       0x30 build/obj/chsys.o
 .debug_aranges
                0x0000000000000108       0x30 build/obj/chvt.o
 .debug_aranges
                0x0000000000000138       0x68 build/obj/chschd.o
 .debug_aranges
                0x00000000000001a0       0x78 build/obj/chthreads.o
 .debug_aranges
                0x0000000000000218       0x28 build/obj/chregistry.o
 .debug_aranges
                0x0000000000000240       0x58 build/obj/chmtx.o
 .debug_aranges
                0x0000000000000298       0xa0 build/obj/chevents.o
 .debug_aranges
                0x0000000000000338       0x70 build/obj/chqueues.o
 .debug_aranges
                0x00000000000003a8       0x38 build/obj/chmemcore.o
 .debug_aranges
                0x00000000000003e0       0x40 build/obj/chheap.o
 .debug_aranges
                0x0000000000000420       0x30 build/obj/hal.o
 .debug_aranges
                0x0000000000000450       0x70 build/obj/adc.o
 .debug_aranges
                0x00000000000004c0       0x50 build/obj/pwm.o
 .debug_aranges
                0x0000000000000510       0x88 build/obj/serial.o
 .debug_aranges
                0x0000000000000598       0x98 build/obj/spi.o
 .debug_aranges
                0x0000000000000630       0xb0 build/obj/stm32_dma.o
 .debug_aranges
                0x00000000000006e0       0x28 build/obj/hal_lld.o
 .debug_aranges
                0x0000000000000708       0x70 build/obj/adc_lld.o
 .debug_aranges
                0x0000000000000778       0x28 build/obj/pal_lld.o
 .debug_aranges
                0x00000000000007a0       0x78 build/obj/spi_lld.o
 .debug_aranges
                0x0000000000000818       0x48 build/obj/pwm_lld.o
 .debug_aranges
                0x0000000000000860       0x40 build/obj/serial_lld.o
 .debug_aranges
                0x00000000000008a0       0x28 build/obj/board.o
 .debug_aranges
                0x00000000000008c8       0x20 build/obj/main.o

.debug_ranges   0x0000000000000000     0x1020
 .debug_ranges  0x0000000000000000       0xe0 build/obj/crt0.o
 .debug_ranges  0x00000000000000e0       0x10 build/obj/vectors.o
 .debug_ranges  0x00000000000000f0       0x58 build/obj/chcore_v7m.o
 .debug_ranges  0x0000000000000148       0x20 build/obj/nvic.o
 .debug_ranges  0x0000000000000168       0x20 build/obj/chsys.o
 .debug_ranges  0x0000000000000188       0x20 build/obj/chvt.o
 .debug_ranges  0x00000000000001a8      0x1d0 build/obj/chschd.o
 .debug_ranges  0x0000000000000378       0xc8 build/obj/chthreads.o
 .debug_ranges  0x0000000000000440       0x30 build/obj/chregistry.o
 .debug_ranges  0x0000000000000470      0x210 build/obj/chmtx.o
 .debug_ranges  0x0000000000000680       0xd8 build/obj/chevents.o
 .debug_ranges  0x0000000000000758       0xd8 build/obj/chqueues.o
 .debug_ranges  0x0000000000000830       0x28 build/obj/chmemcore.o
 .debug_ranges  0x0000000000000858       0x30 build/obj/chheap.o
 .debug_ranges  0x0000000000000888       0x60 build/obj/hal.o
 .debug_ranges  0x00000000000008e8       0xf0 build/obj/adc.o
 .debug_ranges  0x00000000000009d8       0x70 build/obj/pwm.o
 .debug_ranges  0x0000000000000a48       0xa8 build/obj/serial.o
 .debug_ranges  0x0000000000000af0      0x130 build/obj/spi.o
 .debug_ranges  0x0000000000000c20       0xa0 build/obj/stm32_dma.o
 .debug_ranges  0x0000000000000cc0       0x30 build/obj/hal_lld.o
 .debug_ranges  0x0000000000000cf0       0x60 build/obj/adc_lld.o
 .debug_ranges  0x0000000000000d50      0x168 build/obj/pal_lld.o
 .debug_ranges  0x0000000000000eb8       0x68 build/obj/spi_lld.o
 .debug_ranges  0x0000000000000f20       0x68 build/obj/pwm_lld.o
 .debug_ranges  0x0000000000000f88       0x70 build/obj/serial_lld.o
 .debug_ranges  0x0000000000000ff8       0x18 build/obj/board.o
 .debug_ranges  0x0000000000001010       0x10 build/obj/main.o

.debug_line     0x0000000000000000     0x53c0
 .debug_line    0x0000000000000000      0x16a build/obj/crt0.o
 .debug_line    0x000000000000016a       0xf4 build/obj/vectors.o
 .debug_line    0x000000000000025e      0x25b build/obj/chcore_v7m.o
 .debug_line    0x00000000000004b9      0x133 build/obj/nvic.o
 .debug_line    0x00000000000005ec      0x26e build/obj/chsys.o
 .debug_line    0x000000000000085a      0x19c build/obj/chvt.o
 .debug_line    0x00000000000009f6      0x37d build/obj/chschd.o
 .debug_line    0x0000000000000d73      0x3b0 build/obj/chthreads.o
 .debug_line    0x0000000000001123      0x241 build/obj/chregistry.o
 .debug_line    0x0000000000001364      0x3ab build/obj/chmtx.o
 .debug_line    0x000000000000170f      0x377 build/obj/chevents.o
 .debug_line    0x0000000000001a86      0x401 build/obj/chqueues.o
 .debug_line    0x0000000000001e87      0x193 build/obj/chmemcore.o
 .debug_line    0x000000000000201a      0x2dc build/obj/chheap.o
 .debug_line    0x00000000000022f6      0x350 build/obj/hal.o
 .debug_line    0x0000000000002646      0x41a build/obj/adc.o
 .debug_line    0x0000000000002a60      0x240 build/obj/pwm.o
 .debug_line    0x0000000000002ca0      0x453 build/obj/serial.o
 .debug_line    0x00000000000030f3      0x4b2 build/obj/spi.o
 .debug_line    0x00000000000035a5      0x422 build/obj/stm32_dma.o
 .debug_line    0x00000000000039c7      0x238 build/obj/hal_lld.o
 .debug_line    0x0000000000003bff      0x4d4 build/obj/adc_lld.o
 .debug_line    0x00000000000040d3      0x248 build/obj/pal_lld.o
 .debug_line    0x000000000000431b      0x526 build/obj/spi_lld.o
 .debug_line    0x0000000000004841      0x34f build/obj/pwm_lld.o
 .debug_line    0x0000000000004b90      0x415 build/obj/serial_lld.o
 .debug_line    0x0000000000004fa5      0x1ea build/obj/board.o
 .debug_line    0x000000000000518f      0x231 build/obj/main.o

.debug_str      0x0000000000000000     0x270a
 .debug_str     0x0000000000000000      0x1ba build/obj/crt0.o
                                        0x1ee (size before relaxing)
 .debug_str     0x00000000000001ba      0x160 build/obj/vectors.o
                                        0x219 (size before relaxing)
 .debug_str     0x000000000000031a      0x2fd build/obj/chcore_v7m.o
                                        0x3c1 (size before relaxing)
 .debug_str     0x0000000000000617       0xb9 build/obj/nvic.o
                                        0x1eb (size before relaxing)
 .debug_str     0x00000000000006d0      0x220 build/obj/chsys.o
                                        0x499 (size before relaxing)
 .debug_str     0x00000000000008f0       0x51 build/obj/chvt.o
                                        0x16c (size before relaxing)
 .debug_str     0x0000000000000941       0xf0 build/obj/chschd.o
                                        0x3ce (size before relaxing)
 .debug_str     0x0000000000000a31       0xee build/obj/chthreads.o
                                        0x439 (size before relaxing)
 .debug_str     0x0000000000000b1f       0x5d build/obj/chregistry.o
                                        0x3bc (size before relaxing)
 .debug_str     0x0000000000000b7c       0xac build/obj/chmtx.o
                                        0x353 (size before relaxing)
 .debug_str     0x0000000000000c28      0x1d4 build/obj/chevents.o
                                        0x477 (size before relaxing)
 .debug_str     0x0000000000000dfc      0x141 build/obj/chqueues.o
                                        0x3de (size before relaxing)
 .debug_str     0x0000000000000f3d       0x8b build/obj/chmemcore.o
                                        0x157 (size before relaxing)
 .debug_str     0x0000000000000fc8       0xce build/obj/chheap.o
                                        0x337 (size before relaxing)
 .debug_str     0x0000000000001096      0x199 build/obj/hal.o
                                        0x263 (size before relaxing)
 .debug_str     0x000000000000122f      0x314 build/obj/adc.o
                                        0x5fd (size before relaxing)
 .debug_str     0x0000000000001543      0x1c8 build/obj/pwm.o
                                        0x2c6 (size before relaxing)
 .debug_str     0x000000000000170b      0x18a build/obj/serial.o
                                        0x54b (size before relaxing)
 .debug_str     0x0000000000001895      0x296 build/obj/spi.o
                                        0x604 (size before relaxing)
 .debug_str     0x0000000000001b2b      0x75b build/obj/stm32_dma.o
                                        0x923 (size before relaxing)
 .debug_str     0x0000000000002286       0xd9 build/obj/hal_lld.o
                                        0x30b (size before relaxing)
 .debug_str     0x000000000000235f       0xe9 build/obj/adc_lld.o
                                        0xc33 (size before relaxing)
 .debug_str     0x0000000000002448       0x92 build/obj/pal_lld.o
                                        0x35e (size before relaxing)
 .debug_str     0x00000000000024da       0xbc build/obj/spi_lld.o
                                        0x6a4 (size before relaxing)
 .debug_str     0x0000000000002596       0x74 build/obj/pwm_lld.o
                                        0x903 (size before relaxing)
 .debug_str     0x000000000000260a       0x80 build/obj/serial_lld.o
                                        0xaec (size before relaxing)
 .debug_str     0x000000000000268a       0x45 build/obj/board.o
                                        0x1c3 (size before relaxing)
 .debug_str     0x00000000000026cf       0x3b build/obj/main.o
                                        0x1ab (size before relaxing)

.comment        0x0000000000000000       0x33
 .comment       0x0000000000000000       0x33 build/obj/crt0.o
                                         0x34 (size before relaxing)
 .comment       0x0000000000000000       0x34 build/obj/vectors.o
 .comment       0x0000000000000000       0x34 build/obj/chcore_v7m.o
 .comment       0x0000000000000000       0x34 build/obj/nvic.o
 .comment       0x0000000000000000       0x34 build/obj/chsys.o
 .comment       0x0000000000000000       0x34 build/obj/chvt.o
 .comment       0x0000000000000000       0x34 build/obj/chschd.o
 .comment       0x0000000000000000       0x34 build/obj/chthreads.o
 .comment       0x0000000000000000       0x34 build/obj/chregistry.o
 .comment       0x0000000000000000       0x34 build/obj/chmtx.o
 .comment       0x0000000000000000       0x34 build/obj/chevents.o
 .comment       0x0000000000000000       0x34 build/obj/chqueues.o
 .comment       0x0000000000000000       0x34 build/obj/chmemcore.o
 .comment       0x0000000000000000       0x34 build/obj/chheap.o
 .comment       0x0000000000000000       0x34 build/obj/hal.o
 .comment       0x0000000000000000       0x34 build/obj/adc.o
 .comment       0x0000000000000000       0x34 build/obj/pwm.o
 .comment       0x0000000000000000       0x34 build/obj/serial.o
 .comment       0x0000000000000000       0x34 build/obj/spi.o
 .comment       0x0000000000000000       0x34 build/obj/stm32_dma.o
 .comment       0x0000000000000000       0x34 build/obj/hal_lld.o
 .comment       0x0000000000000000       0x34 build/obj/adc_lld.o
 .comment       0x0000000000000000       0x34 build/obj/pal_lld.o
 .comment       0x0000000000000000       0x34 build/obj/spi_lld.o
 .comment       0x0000000000000000       0x34 build/obj/pwm_lld.o
 .comment       0x0000000000000000       0x34 build/obj/serial_lld.o
 .comment       0x0000000000000000       0x34 build/obj/board.o
 .comment       0x0000000000000000       0x34 build/obj/main.o

.ARM.attributes
                0x0000000000000000       0x3b
 .ARM.attributes
                0x0000000000000000       0x3b build/obj/crt0.o
 .ARM.attributes
                0x000000000000003b       0x3b build/obj/vectors.o
 .ARM.attributes
                0x0000000000000076       0x3b build/obj/chcore_v7m.o
 .ARM.attributes
                0x00000000000000b1       0x3b build/obj/nvic.o
 .ARM.attributes
                0x00000000000000ec       0x3b build/obj/chsys.o
 .ARM.attributes
                0x0000000000000127       0x3b build/obj/chvt.o
 .ARM.attributes
                0x0000000000000162       0x3b build/obj/chschd.o
 .ARM.attributes
                0x000000000000019d       0x3b build/obj/chthreads.o
 .ARM.attributes
                0x00000000000001d8       0x3b build/obj/chregistry.o
 .ARM.attributes
                0x0000000000000213       0x3b build/obj/chmtx.o
 .ARM.attributes
                0x000000000000024e       0x3b build/obj/chevents.o
 .ARM.attributes
                0x0000000000000289       0x3b build/obj/chqueues.o
 .ARM.attributes
                0x00000000000002c4       0x3b build/obj/chmemcore.o
 .ARM.attributes
                0x00000000000002ff       0x3b build/obj/chheap.o
 .ARM.attributes
                0x000000000000033a       0x3b build/obj/hal.o
 .ARM.attributes
                0x0000000000000375       0x3b build/obj/adc.o
 .ARM.attributes
                0x00000000000003b0       0x3b build/obj/pwm.o
 .ARM.attributes
                0x00000000000003eb       0x3b build/obj/serial.o
 .ARM.attributes
                0x0000000000000426       0x3b build/obj/spi.o
 .ARM.attributes
                0x0000000000000461       0x3b build/obj/stm32_dma.o
 .ARM.attributes
                0x000000000000049c       0x3b build/obj/hal_lld.o
 .ARM.attributes
                0x00000000000004d7       0x3b build/obj/adc_lld.o
 .ARM.attributes
                0x0000000000000512       0x3b build/obj/pal_lld.o
 .ARM.attributes
                0x000000000000054d       0x3b build/obj/spi_lld.o
 .ARM.attributes
                0x0000000000000588       0x3b build/obj/pwm_lld.o
 .ARM.attributes
                0x00000000000005c3       0x3b build/obj/serial_lld.o
 .ARM.attributes
                0x00000000000005fe       0x3b build/obj/board.o
 .ARM.attributes
                0x0000000000000639       0x3b build/obj/main.o

.debug_frame    0x0000000000000000     0x1570
 .debug_frame   0x0000000000000000       0x50 build/obj/crt0.o
 .debug_frame   0x0000000000000050       0x20 build/obj/vectors.o
 .debug_frame   0x0000000000000070       0x98 build/obj/chcore_v7m.o
 .debug_frame   0x0000000000000108       0x64 build/obj/nvic.o
 .debug_frame   0x000000000000016c       0x5c build/obj/chsys.o
 .debug_frame   0x00000000000001c8       0x4c build/obj/chvt.o
 .debug_frame   0x0000000000000214       0xf0 build/obj/chschd.o
 .debug_frame   0x0000000000000304      0x160 build/obj/chthreads.o
 .debug_frame   0x0000000000000464       0x3c build/obj/chregistry.o
 .debug_frame   0x00000000000004a0       0xe4 build/obj/chmtx.o
 .debug_frame   0x0000000000000584      0x1e0 build/obj/chevents.o
 .debug_frame   0x0000000000000764      0x170 build/obj/chqueues.o
 .debug_frame   0x00000000000008d4       0x50 build/obj/chmemcore.o
 .debug_frame   0x0000000000000924       0x98 build/obj/chheap.o
 .debug_frame   0x00000000000009bc       0x54 build/obj/hal.o
 .debug_frame   0x0000000000000a10      0x118 build/obj/adc.o
 .debug_frame   0x0000000000000b28       0xb0 build/obj/pwm.o
 .debug_frame   0x0000000000000bd8      0x13c build/obj/serial.o
 .debug_frame   0x0000000000000d14      0x1a8 build/obj/spi.o
 .debug_frame   0x0000000000000ebc      0x230 build/obj/stm32_dma.o
 .debug_frame   0x00000000000010ec       0x3c build/obj/hal_lld.o
 .debug_frame   0x0000000000001128      0x120 build/obj/adc_lld.o
 .debug_frame   0x0000000000001248       0x4c build/obj/pal_lld.o
 .debug_frame   0x0000000000001294      0x140 build/obj/spi_lld.o
 .debug_frame   0x00000000000013d4       0xb0 build/obj/pwm_lld.o
 .debug_frame   0x0000000000001484       0x8c build/obj/serial_lld.o
 .debug_frame   0x0000000000001510       0x30 build/obj/board.o
 .debug_frame   0x0000000000001540       0x30 build/obj/main.o

.debug_loc      0x0000000000000000     0x4ff7
 .debug_loc     0x0000000000000000      0x10c build/obj/chcore_v7m.o
 .debug_loc     0x000000000000010c      0x1ca build/obj/nvic.o
 .debug_loc     0x00000000000002d6       0xb6 build/obj/chsys.o
 .debug_loc     0x000000000000038c       0x8a build/obj/chvt.o
 .debug_loc     0x0000000000000416      0x327 build/obj/chschd.o
 .debug_loc     0x000000000000073d      0x526 build/obj/chthreads.o
 .debug_loc     0x0000000000000c63       0xb7 build/obj/chregistry.o
 .debug_loc     0x0000000000000d1a      0x474 build/obj/chmtx.o
 .debug_loc     0x000000000000118e      0x8c3 build/obj/chevents.o
 .debug_loc     0x0000000000001a51      0x8d1 build/obj/chqueues.o
 .debug_loc     0x0000000000002322      0x114 build/obj/chmemcore.o
 .debug_loc     0x0000000000002436      0x370 build/obj/chheap.o
 .debug_loc     0x00000000000027a6       0x98 build/obj/hal.o
 .debug_loc     0x000000000000283e      0x523 build/obj/adc.o
 .debug_loc     0x0000000000002d61      0x25f build/obj/pwm.o
 .debug_loc     0x0000000000002fc0      0x587 build/obj/serial.o
 .debug_loc     0x0000000000003547      0x793 build/obj/spi.o
 .debug_loc     0x0000000000003cda      0x4b1 build/obj/stm32_dma.o
 .debug_loc     0x000000000000418b       0x20 build/obj/hal_lld.o
 .debug_loc     0x00000000000041ab      0x3e5 build/obj/adc_lld.o
 .debug_loc     0x0000000000004590      0x15d build/obj/pal_lld.o
 .debug_loc     0x00000000000046ed      0x385 build/obj/spi_lld.o
 .debug_loc     0x0000000000004a72      0x2e9 build/obj/pwm_lld.o
 .debug_loc     0x0000000000004d5b      0x27c build/obj/serial_lld.o
 .debug_loc     0x0000000000004fd7       0x20 build/obj/main.o

Cross Reference Table

Symbol                                            File
ADCD1                                             build/obj/adc_lld.o
BusFaultVector                                    build/obj/vectors.o
DebugMonitorVector                                build/obj/vectors.o
HardFaultVector                                   build/obj/vectors.o
MemManageVector                                   build/obj/vectors.o
NMIVector                                         build/obj/vectors.o
PWMD4                                             build/obj/pwm_lld.o
PendSVVector                                      build/obj/vectors.o
ResetHandler                                      build/obj/crt0.o
                                                  build/obj/vectors.o
SD2                                               build/obj/serial_lld.o
SPID2                                             build/obj/spi_lld.o
SVCallVector                                      build/obj/chcore_v7m.o
                                                  build/obj/vectors.o
SysTickVector                                     build/obj/chcore_v7m.o
                                                  build/obj/vectors.o
TestThread                                        build/obj/test.o
UsageFaultVector                                  build/obj/vectors.o
Vector100                                         build/obj/vectors.o
Vector104                                         build/obj/vectors.o
Vector108                                         build/obj/vectors.o
Vector10C                                         build/obj/vectors.o
Vector110                                         build/obj/vectors.o
Vector114                                         build/obj/vectors.o
Vector118                                         build/obj/vectors.o
Vector11C                                         build/obj/vectors.o
Vector120                                         build/obj/stm32_dma.o
                                                  build/obj/vectors.o
Vector124                                         build/obj/stm32_dma.o
                                                  build/obj/vectors.o
Vector128                                         build/obj/stm32_dma.o
                                                  build/obj/vectors.o
Vector12C                                         build/obj/stm32_dma.o
                                                  build/obj/vectors.o
Vector130                                         build/obj/stm32_dma.o
                                                  build/obj/vectors.o
Vector134                                         build/obj/vectors.o
Vector138                                         build/obj/vectors.o
Vector13C                                         build/obj/vectors.o
Vector140                                         build/obj/vectors.o
Vector144                                         build/obj/vectors.o
Vector148                                         build/obj/vectors.o
Vector14C                                         build/obj/vectors.o
Vector150                                         build/obj/stm32_dma.o
                                                  build/obj/vectors.o
Vector154                                         build/obj/stm32_dma.o
                                                  build/obj/vectors.o
Vector158                                         build/obj/stm32_dma.o
                                                  build/obj/vectors.o
Vector15C                                         build/obj/vectors.o
Vector160                                         build/obj/vectors.o
Vector164                                         build/obj/vectors.o
Vector168                                         build/obj/vectors.o
Vector16C                                         build/obj/vectors.o
Vector170                                         build/obj/vectors.o
Vector174                                         build/obj/vectors.o
Vector178                                         build/obj/vectors.o
Vector17C                                         build/obj/vectors.o
Vector180                                         build/obj/vectors.o
Vector184                                         build/obj/vectors.o
Vector1C                                          build/obj/vectors.o
Vector20                                          build/obj/vectors.o
Vector24                                          build/obj/vectors.o
Vector28                                          build/obj/vectors.o
Vector34                                          build/obj/vectors.o
Vector40                                          build/obj/vectors.o
Vector44                                          build/obj/vectors.o
Vector48                                          build/obj/vectors.o
Vector4C                                          build/obj/vectors.o
Vector50                                          build/obj/vectors.o
Vector54                                          build/obj/vectors.o
Vector58                                          build/obj/vectors.o
Vector5C                                          build/obj/vectors.o
Vector60                                          build/obj/vectors.o
Vector64                                          build/obj/vectors.o
Vector68                                          build/obj/vectors.o
Vector6C                                          build/obj/stm32_dma.o
                                                  build/obj/vectors.o
Vector70                                          build/obj/stm32_dma.o
                                                  build/obj/vectors.o
Vector74                                          build/obj/stm32_dma.o
                                                  build/obj/vectors.o
Vector78                                          build/obj/stm32_dma.o
                                                  build/obj/vectors.o
Vector7C                                          build/obj/stm32_dma.o
                                                  build/obj/vectors.o
Vector80                                          build/obj/stm32_dma.o
                                                  build/obj/vectors.o
Vector84                                          build/obj/stm32_dma.o
                                                  build/obj/vectors.o
Vector88                                          build/obj/adc_lld.o
                                                  build/obj/vectors.o
Vector8C                                          build/obj/vectors.o
Vector90                                          build/obj/vectors.o
Vector94                                          build/obj/vectors.o
Vector98                                          build/obj/vectors.o
Vector9C                                          build/obj/vectors.o
VectorA0                                          build/obj/vectors.o
VectorA4                                          build/obj/vectors.o
VectorA8                                          build/obj/vectors.o
VectorAC                                          build/obj/vectors.o
VectorB0                                          build/obj/vectors.o
VectorB4                                          build/obj/vectors.o
VectorB8                                          build/obj/pwm_lld.o
                                                  build/obj/vectors.o
VectorBC                                          build/obj/vectors.o
VectorC0                                          build/obj/vectors.o
VectorC4                                          build/obj/vectors.o
VectorC8                                          build/obj/vectors.o
VectorCC                                          build/obj/vectors.o
VectorD0                                          build/obj/vectors.o
VectorD4                                          build/obj/vectors.o
VectorD8                                          build/obj/serial_lld.o
                                                  build/obj/vectors.o
VectorDC                                          build/obj/vectors.o
VectorE0                                          build/obj/vectors.o
VectorE4                                          build/obj/vectors.o
VectorE8                                          build/obj/vectors.o
VectorEC                                          build/obj/vectors.o
VectorF0                                          build/obj/vectors.o
VectorF4                                          build/obj/vectors.o
VectorF8                                          build/obj/vectors.o
VectorFC                                          build/obj/stm32_dma.o
                                                  build/obj/vectors.o
__early_init                                      build/obj/board.o
                                                  build/obj/crt0.o
__fini_array_end                                  build/obj/crt0.o
__fini_array_start                                build/obj/crt0.o
__heap_base__                                     build/obj/chmemcore.o
__heap_end__                                      build/obj/chmemcore.o
__init_array_end                                  build/obj/crt0.o
__init_array_start                                build/obj/crt0.o
__late_init                                       build/obj/crt0.o
__main_stack_base__                               build/obj/crt0.o
__main_stack_end__                                build/obj/vectors.o
                                                  build/obj/crt0.o
__process_stack_base__                            build/obj/crt0.o
__process_stack_end__                             build/obj/crt0.o
_bss_end                                          build/obj/crt0.o
_bss_start                                        build/obj/crt0.o
_core_init                                        build/obj/chmemcore.o
                                                  build/obj/chsys.o
_data                                             build/obj/crt0.o
_default_exit                                     build/obj/crt0.o
_edata                                            build/obj/crt0.o
_heap_init                                        build/obj/chheap.o
                                                  build/obj/chsys.o
_idle_thread                                      build/obj/chsys.o
_idle_thread_wa                                   build/obj/chsys.o
_pal_lld_init                                     build/obj/pal_lld.o
                                                  build/obj/hal.o
_pal_lld_setgroupmode                             build/obj/pal_lld.o
                                                  build/obj/main.o
                                                  build/obj/pal.o
_port_init                                        build/obj/chcore_v7m.o
                                                  build/obj/chsys.o
_port_irq_epilogue                                build/obj/chcore_v7m.o
                                                  build/obj/serial_lld.o
                                                  build/obj/pwm_lld.o
                                                  build/obj/adc_lld.o
                                                  build/obj/stm32_dma.o
_port_switch                                      build/obj/chcore_v7m.o
                                                  build/obj/chschd.o
_port_switch_from_isr                             build/obj/chcore_v7m.o
_port_thread_start                                build/obj/chcore_v7m.o
                                                  build/obj/chthreads.o
_scheduler_init                                   build/obj/chschd.o
                                                  build/obj/chsys.o
_stm32_dma_streams                                build/obj/stm32_dma.o
                                                  build/obj/spi_lld.o
                                                  build/obj/adc_lld.o
_test_assert                                      build/obj/test.o
                                                  build/obj/testqueues.o
                                                  build/obj/testdyn.o
                                                  build/obj/testpools.o
                                                  build/obj/testheap.o
                                                  build/obj/testevt.o
                                                  build/obj/testmbox.o
                                                  build/obj/testmtx.o
                                                  build/obj/testsem.o
                                                  build/obj/testthd.o
_test_assert_sequence                             build/obj/test.o
                                                  build/obj/testqueues.o
                                                  build/obj/testdyn.o
                                                  build/obj/testevt.o
                                                  build/obj/testmbox.o
                                                  build/obj/testmsg.o
                                                  build/obj/testmtx.o
                                                  build/obj/testsem.o
                                                  build/obj/testthd.o
_test_assert_time_window                          build/obj/test.o
                                                  build/obj/testevt.o
                                                  build/obj/testmtx.o
                                                  build/obj/testsem.o
                                                  build/obj/testthd.o
_test_fail                                        build/obj/test.o
_textdata                                         build/obj/crt0.o
_thread_init                                      build/obj/chthreads.o
                                                  build/obj/chsys.o
_unhandled_exception                              build/obj/vectors.o
_vectors                                          build/obj/vectors.o
_vt_init                                          build/obj/chvt.o
                                                  build/obj/chsys.o
adcAcquireBus                                     build/obj/adc.o
adcConvert                                        build/obj/adc.o
adcInit                                           build/obj/adc.o
                                                  build/obj/hal.o
adcObjectInit                                     build/obj/adc.o
                                                  build/obj/adc_lld.o
adcReleaseBus                                     build/obj/adc.o
adcSTM32DisableTSVREFE                            build/obj/adc_lld.o
adcSTM32DisableVBATE                              build/obj/adc_lld.o
adcSTM32EnableTSVREFE                             build/obj/adc_lld.o
adcSTM32EnableVBATE                               build/obj/adc_lld.o
adcStart                                          build/obj/adc.o
adcStartConversion                                build/obj/adc.o
adcStartConversionI                               build/obj/adc.o
adcStop                                           build/obj/adc.o
adcStopConversion                                 build/obj/adc.o
adcStopConversionI                                build/obj/adc.o
adc_lld_init                                      build/obj/adc_lld.o
                                                  build/obj/adc.o
adc_lld_start                                     build/obj/adc_lld.o
                                                  build/obj/adc.o
adc_lld_start_conversion                          build/obj/adc_lld.o
                                                  build/obj/adc.o
adc_lld_stop                                      build/obj/adc_lld.o
                                                  build/obj/adc.o
adc_lld_stop_conversion                           build/obj/adc_lld.o
                                                  build/obj/adc.o
boardInit                                         build/obj/board.o
                                                  build/obj/hal.o
chCondBroadcast                                   build/obj/chcond.o
                                                  build/obj/testmtx.o
chCondBroadcastI                                  build/obj/chcond.o
chCondInit                                        build/obj/chcond.o
                                                  build/obj/testmtx.o
chCondSignal                                      build/obj/chcond.o
                                                  build/obj/testmtx.o
chCondSignalI                                     build/obj/chcond.o
                                                  build/obj/testmtx.o
chCondWait                                        build/obj/chcond.o
                                                  build/obj/testmtx.o
chCondWaitS                                       build/obj/chcond.o
chCondWaitTimeout                                 build/obj/chcond.o
                                                  build/obj/testmtx.o
chCondWaitTimeoutS                                build/obj/chcond.o
chCoreAlloc                                       build/obj/chmemcore.o
                                                  build/obj/chheap.o
chCoreAllocI                                      build/obj/chmemcore.o
chCoreStatus                                      build/obj/chmemcore.o
                                                  build/obj/testheap.o
chEvtAddEvents                                    build/obj/chevents.o
                                                  build/obj/testevt.o
chEvtBroadcastFlags                               build/obj/chevents.o
                                                  build/obj/testevt.o
chEvtBroadcastFlagsI                              build/obj/chevents.o
                                                  build/obj/serial_lld.o
                                                  build/obj/serial.o
chEvtDispatch                                     build/obj/chevents.o
                                                  build/obj/testevt.o
chEvtGetAndClearEvents                            build/obj/chevents.o
                                                  build/obj/testevt.o
chEvtGetAndClearFlags                             build/obj/chevents.o
chEvtGetAndClearFlagsI                            build/obj/chevents.o
chEvtRegisterMask                                 build/obj/chevents.o
                                                  build/obj/testevt.o
chEvtSignal                                       build/obj/chevents.o
                                                  build/obj/testevt.o
chEvtSignalI                                      build/obj/chevents.o
chEvtUnregister                                   build/obj/chevents.o
                                                  build/obj/testevt.o
chEvtWaitAll                                      build/obj/chevents.o
                                                  build/obj/testevt.o
chEvtWaitAllTimeout                               build/obj/chevents.o
                                                  build/obj/testevt.o
chEvtWaitAny                                      build/obj/chevents.o
                                                  build/obj/testevt.o
chEvtWaitAnyTimeout                               build/obj/chevents.o
                                                  build/obj/testevt.o
chEvtWaitOne                                      build/obj/chevents.o
                                                  build/obj/testevt.o
chEvtWaitOneTimeout                               build/obj/chevents.o
                                                  build/obj/testevt.o
chHeapAlloc                                       build/obj/chheap.o
                                                  build/obj/testdyn.o
                                                  build/obj/testheap.o
                                                  build/obj/chdynamic.o
chHeapFree                                        build/obj/chheap.o
                                                  build/obj/testdyn.o
                                                  build/obj/testheap.o
                                                  build/obj/chdynamic.o
chHeapInit                                        build/obj/chheap.o
                                                  build/obj/testdyn.o
                                                  build/obj/testheap.o
chHeapStatus                                      build/obj/chheap.o
                                                  build/obj/testdyn.o
                                                  build/obj/testheap.o
chIQGetTimeout                                    build/obj/chqueues.o
                                                  build/obj/serial.o
                                                  build/obj/testbmk.o
                                                  build/obj/testqueues.o
chIQInit                                          build/obj/chqueues.o
                                                  build/obj/serial.o
                                                  build/obj/testbmk.o
                                                  build/obj/testqueues.o
chIQPutI                                          build/obj/chqueues.o
                                                  build/obj/serial.o
                                                  build/obj/testbmk.o
                                                  build/obj/testqueues.o
chIQReadTimeout                                   build/obj/chqueues.o
                                                  build/obj/serial.o
                                                  build/obj/testqueues.o
chIQResetI                                        build/obj/chqueues.o
                                                  build/obj/serial.o
                                                  build/obj/testqueues.o
chMBFetch                                         build/obj/chmboxes.o
                                                  build/obj/testmbox.o
chMBFetchI                                        build/obj/chmboxes.o
                                                  build/obj/testmbox.o
chMBFetchS                                        build/obj/chmboxes.o
chMBInit                                          build/obj/chmboxes.o
                                                  build/obj/testmbox.o
chMBPost                                          build/obj/chmboxes.o
                                                  build/obj/testmbox.o
chMBPostAhead                                     build/obj/chmboxes.o
                                                  build/obj/testmbox.o
chMBPostAheadI                                    build/obj/chmboxes.o
                                                  build/obj/testmbox.o
chMBPostAheadS                                    build/obj/chmboxes.o
chMBPostI                                         build/obj/chmboxes.o
                                                  build/obj/testmbox.o
chMBPostS                                         build/obj/chmboxes.o
chMBReset                                         build/obj/chmboxes.o
                                                  build/obj/testmbox.o
chMsgRelease                                      build/obj/chmsg.o
                                                  build/obj/testbmk.o
                                                  build/obj/testmsg.o
chMsgSend                                         build/obj/chmsg.o
                                                  build/obj/testbmk.o
                                                  build/obj/testmsg.o
chMsgWait                                         build/obj/chmsg.o
                                                  build/obj/testbmk.o
                                                  build/obj/testmsg.o
chMtxInit                                         build/obj/chmtx.o
                                                  build/obj/spi.o
                                                  build/obj/adc.o
                                                  build/obj/testbmk.o
                                                  build/obj/testmtx.o
                                                  build/obj/chheap.o
chMtxLock                                         build/obj/chmtx.o
                                                  build/obj/spi.o
                                                  build/obj/adc.o
                                                  build/obj/testbmk.o
                                                  build/obj/testmtx.o
                                                  build/obj/chheap.o
chMtxLockS                                        build/obj/chmtx.o
                                                  build/obj/chcond.o
chMtxTryLock                                      build/obj/chmtx.o
                                                  build/obj/testmtx.o
chMtxTryLockS                                     build/obj/chmtx.o
chMtxUnlock                                       build/obj/chmtx.o
                                                  build/obj/spi.o
                                                  build/obj/adc.o
                                                  build/obj/testbmk.o
                                                  build/obj/testmtx.o
                                                  build/obj/chheap.o
chMtxUnlockAll                                    build/obj/chmtx.o
                                                  build/obj/testmtx.o
chMtxUnlockS                                      build/obj/chmtx.o
                                                  build/obj/testmtx.o
                                                  build/obj/chcond.o
chOQGetI                                          build/obj/chqueues.o
                                                  build/obj/serial_lld.o
                                                  build/obj/serial.o
                                                  build/obj/testqueues.o
chOQInit                                          build/obj/chqueues.o
                                                  build/obj/serial.o
                                                  build/obj/testqueues.o
chOQPutTimeout                                    build/obj/chqueues.o
                                                  build/obj/serial.o
                                                  build/obj/testqueues.o
chOQResetI                                        build/obj/chqueues.o
                                                  build/obj/serial.o
                                                  build/obj/testqueues.o
chOQWriteTimeout                                  build/obj/chqueues.o
                                                  build/obj/serial.o
                                                  build/obj/testqueues.o
chPoolAlloc                                       build/obj/chmempools.o
                                                  build/obj/testdyn.o
                                                  build/obj/testpools.o
                                                  build/obj/chdynamic.o
chPoolAllocI                                      build/obj/chmempools.o
chPoolFree                                        build/obj/chmempools.o
                                                  build/obj/testdyn.o
                                                  build/obj/testpools.o
                                                  build/obj/chdynamic.o
chPoolFreeI                                       build/obj/chmempools.o
chPoolInit                                        build/obj/chmempools.o
                                                  build/obj/testdyn.o
                                                  build/obj/testpools.o
chPoolLoadArray                                   build/obj/chmempools.o
                                                  build/obj/testpools.o
chRegFirstThread                                  build/obj/chregistry.o
                                                  build/obj/testdyn.o
chRegNextThread                                   build/obj/chregistry.o
                                                  build/obj/testdyn.o
chSchDoReschedule                                 build/obj/chschd.o
                                                  build/obj/chcore_v7m.o
chSchDoRescheduleAhead                            build/obj/chschd.o
chSchDoRescheduleBehind                           build/obj/chschd.o
                                                  build/obj/chthreads.o
chSchGoSleepS                                     build/obj/chschd.o
                                                  build/obj/spi.o
                                                  build/obj/adc.o
                                                  build/obj/testbmk.o
                                                  build/obj/chmsg.o
                                                  build/obj/chevents.o
                                                  build/obj/chcond.o
                                                  build/obj/chmtx.o
                                                  build/obj/chsem.o
                                                  build/obj/chthreads.o
chSchGoSleepTimeoutS                              build/obj/chschd.o
                                                  build/obj/chqueues.o
                                                  build/obj/chevents.o
                                                  build/obj/chcond.o
                                                  build/obj/chsem.o
                                                  build/obj/chthreads.o
chSchReadyI                                       build/obj/chschd.o
                                                  build/obj/spi_lld.o
                                                  build/obj/adc_lld.o
                                                  build/obj/adc.o
                                                  build/obj/chqueues.o
                                                  build/obj/chmsg.o
                                                  build/obj/chevents.o
                                                  build/obj/chcond.o
                                                  build/obj/chmtx.o
                                                  build/obj/chsem.o
                                                  build/obj/chthreads.o
chSchRescheduleS                                  build/obj/chschd.o
                                                  build/obj/serial.o
                                                  build/obj/testmtx.o
                                                  build/obj/testsem.o
                                                  build/obj/chmboxes.o
                                                  build/obj/chevents.o
                                                  build/obj/chcond.o
                                                  build/obj/chmtx.o
                                                  build/obj/chsem.o
                                                  build/obj/chthreads.o
chSchWakeupS                                      build/obj/chschd.o
                                                  build/obj/adc.o
                                                  build/obj/testbmk.o
                                                  build/obj/chmsg.o
                                                  build/obj/chcond.o
                                                  build/obj/chmtx.o
                                                  build/obj/chsem.o
                                                  build/obj/chdynamic.o
                                                  build/obj/chthreads.o
chSemAddCounterI                                  build/obj/chsem.o
                                                  build/obj/testsem.o
chSemInit                                         build/obj/chsem.o
                                                  build/obj/testbmk.o
                                                  build/obj/testsem.o
                                                  build/obj/chmboxes.o
chSemReset                                        build/obj/chsem.o
                                                  build/obj/testbmk.o
                                                  build/obj/testsem.o
chSemResetI                                       build/obj/chsem.o
                                                  build/obj/chmboxes.o
chSemSignal                                       build/obj/chsem.o
                                                  build/obj/testbmk.o
                                                  build/obj/testsem.o
chSemSignalI                                      build/obj/chsem.o
                                                  build/obj/testsem.o
                                                  build/obj/chmboxes.o
chSemSignalWait                                   build/obj/chsem.o
                                                  build/obj/testsem.o
chSemWait                                         build/obj/chsem.o
                                                  build/obj/testbmk.o
                                                  build/obj/testsem.o
chSemWaitS                                        build/obj/chsem.o
chSemWaitTimeout                                  build/obj/chsem.o
                                                  build/obj/testsem.o
chSemWaitTimeoutS                                 build/obj/chsem.o
                                                  build/obj/chmboxes.o
chSysInit                                         build/obj/chsys.o
                                                  build/obj/main.o
chSysTimerHandlerI                                build/obj/chsys.o
                                                  build/obj/chcore_v7m.o
chThdAddRef                                       build/obj/chdynamic.o
                                                  build/obj/testdyn.o
chThdCreateFromHeap                               build/obj/chdynamic.o
                                                  build/obj/testdyn.o
chThdCreateFromMemoryPool                         build/obj/chdynamic.o
                                                  build/obj/testdyn.o
chThdCreateI                                      build/obj/chthreads.o
                                                  build/obj/testthd.o
                                                  build/obj/chdynamic.o
chThdCreateStatic                                 build/obj/chthreads.o
                                                  build/obj/testbmk.o
                                                  build/obj/testqueues.o
                                                  build/obj/testevt.o
                                                  build/obj/testmsg.o
                                                  build/obj/testmtx.o
                                                  build/obj/testsem.o
                                                  build/obj/testthd.o
                                                  build/obj/chsys.o
chThdExit                                         build/obj/chthreads.o
                                                  build/obj/chcore_v7m.o
chThdExitS                                        build/obj/chthreads.o
chThdRelease                                      build/obj/chdynamic.o
                                                  build/obj/testdyn.o
                                                  build/obj/chregistry.o
                                                  build/obj/chthreads.o
chThdResume                                       build/obj/chthreads.o
                                                  build/obj/testthd.o
chThdSetPriority                                  build/obj/chthreads.o
                                                  build/obj/testthd.o
chThdSleep                                        build/obj/chthreads.o
                                                  build/obj/main.o
                                                  build/obj/testbmk.o
                                                  build/obj/testdyn.o
                                                  build/obj/testevt.o
                                                  build/obj/testmtx.o
                                                  build/obj/testsem.o
                                                  build/obj/testthd.o
                                                  build/obj/test.o
chThdSleepUntil                                   build/obj/chthreads.o
                                                  build/obj/testthd.o
chThdTerminate                                    build/obj/chthreads.o
                                                  build/obj/test.o
chThdWait                                         build/obj/chthreads.o
                                                  build/obj/testbmk.o
                                                  build/obj/test.o
chThdYield                                        build/obj/chthreads.o
                                                  build/obj/testbmk.o
chVTResetI                                        build/obj/chvt.o
                                                  build/obj/testbmk.o
                                                  build/obj/chschd.o
chVTSetI                                          build/obj/chvt.o
                                                  build/obj/testbmk.o
                                                  build/obj/test.o
                                                  build/obj/chschd.o
ch_debug                                          build/obj/chregistry.o
                                                  build/obj/chsys.o
chsnprintf                                        build/obj/chprintf.o
chvprintf                                         build/obj/chprintf.o
dmaInit                                           build/obj/stm32_dma.o
                                                  build/obj/hal_lld.o
dmaStreamAllocate                                 build/obj/stm32_dma.o
                                                  build/obj/spi_lld.o
                                                  build/obj/adc_lld.o
dmaStreamRelease                                  build/obj/stm32_dma.o
                                                  build/obj/spi_lld.o
                                                  build/obj/adc_lld.o
halInit                                           build/obj/hal.o
                                                  build/obj/main.o
halIsCounterWithin                                build/obj/hal.o
halPolledDelay                                    build/obj/hal.o
hal_lld_init                                      build/obj/hal_lld.o
                                                  build/obj/hal.o
lis302dlReadRegister                              build/obj/lis302dl.o
lis302dlWriteRegister                             build/obj/lis302dl.o
main                                              build/obj/main.o
                                                  build/obj/crt0.o
msObjectInit                                      build/obj/chprintf.o
nvicDisableVector                                 build/obj/nvic.o
                                                  build/obj/serial_lld.o
                                                  build/obj/pwm_lld.o
                                                  build/obj/stm32_dma.o
nvicEnableVector                                  build/obj/nvic.o
                                                  build/obj/serial_lld.o
                                                  build/obj/pwm_lld.o
                                                  build/obj/adc_lld.o
                                                  build/obj/stm32_dma.o
nvicSetSystemHandlerPriority                      build/obj/nvic.o
                                                  build/obj/chcore_v7m.o
palReadBus                                        build/obj/pal.o
palSetBusMode                                     build/obj/pal.o
palWriteBus                                       build/obj/pal.o
pal_default_config                                build/obj/board.o
                                                  build/obj/hal.o
patternbmk                                        build/obj/testbmk.o
                                                  build/obj/test.o
patterndyn                                        build/obj/testdyn.o
                                                  build/obj/test.o
patternevt                                        build/obj/testevt.o
                                                  build/obj/test.o
patternheap                                       build/obj/testheap.o
                                                  build/obj/test.o
patternmbox                                       build/obj/testmbox.o
                                                  build/obj/test.o
patternmsg                                        build/obj/testmsg.o
                                                  build/obj/test.o
patternmtx                                        build/obj/testmtx.o
                                                  build/obj/test.o
patternpools                                      build/obj/testpools.o
                                                  build/obj/test.o
patternqueues                                     build/obj/testqueues.o
                                                  build/obj/test.o
patternsem                                        build/obj/testsem.o
                                                  build/obj/test.o
patternthd                                        build/obj/testthd.o
                                                  build/obj/test.o
port_halt                                         build/obj/chcore.o
                                                  build/obj/spi_lld.o
pwmChangePeriod                                   build/obj/pwm.o
pwmDisableChannel                                 build/obj/pwm.o
pwmEnableChannel                                  build/obj/pwm.o
pwmInit                                           build/obj/pwm.o
                                                  build/obj/hal.o
pwmObjectInit                                     build/obj/pwm.o
                                                  build/obj/pwm_lld.o
pwmStart                                          build/obj/pwm.o
pwmStop                                           build/obj/pwm.o
pwm_lld_disable_channel                           build/obj/pwm_lld.o
                                                  build/obj/pwm.o
pwm_lld_enable_channel                            build/obj/pwm_lld.o
                                                  build/obj/pwm.o
pwm_lld_init                                      build/obj/pwm_lld.o
                                                  build/obj/pwm.o
pwm_lld_start                                     build/obj/pwm_lld.o
                                                  build/obj/pwm.o
pwm_lld_stop                                      build/obj/pwm_lld.o
                                                  build/obj/pwm.o
rlist                                             build/obj/chschd.o
                                                  build/obj/spi.o
                                                  build/obj/adc.o
                                                  build/obj/testbmk.o
                                                  build/obj/testqueues.o
                                                  build/obj/testdyn.o
                                                  build/obj/testevt.o
                                                  build/obj/testmsg.o
                                                  build/obj/testmtx.o
                                                  build/obj/testsem.o
                                                  build/obj/testthd.o
                                                  build/obj/test.o
                                                  build/obj/chqueues.o
                                                  build/obj/chmsg.o
                                                  build/obj/chevents.o
                                                  build/obj/chcond.o
                                                  build/obj/chmtx.o
                                                  build/obj/chsem.o
                                                  build/obj/chregistry.o
                                                  build/obj/chthreads.o
                                                  build/obj/chsys.o
                                                  build/obj/chcore_v7m.o
sdIncomingDataI                                   build/obj/serial.o